** Drc report for Osiris_PDB_RevA.kicad_pcb **
** Created on 2026-09-29T17:45:31 **
** Report includes: Errors, Warnings **

** Found 0 DRC violations **

** Found 25 unconnected pads **
[unconnected_items]: Missing connection between items
    Local override; error
    @(9.5000 mm, 11.0000 mm): Zone 'GND' [GND] on F.Cu, priority 0
    @(36.4000 mm, -1.2000 mm): PTH pad 1 [GND] of J1
[unconnected_items]: Missing connection between items
    Local override; error
    @(32.6000 mm, -1.2000 mm): PTH pad 1 [GND] of J1
    @(36.4000 mm, -1.2000 mm): PTH pad 1 [GND] of J1
[unconnected_items]: Missing connection between items
    Local override; error
    @(36.4000 mm, -6.8000 mm): PTH pad 1 [GND] of J1
    @(32.6000 mm, -6.8000 mm): PTH pad 1 [GND] of J1
[unconnected_items]: Missing connection between items
    Local override; error
    @(36.4000 mm, -6.8000 mm): PTH pad 1 [GND] of J1
    @(36.4000 mm, -1.2000 mm): PTH pad 1 [GND] of J1
[unconnected_items]: Missing connection between items
    Local override; error
    @(68.9500 mm, -27.0000 mm): Pad 2 [GND] of C19 on F.Cu
    @(61.9500 mm, -27.0000 mm): Pad 2 [GND] of C18 on F.Cu
[unconnected_items]: Missing connection between items
    Local override; error
    @(84.2000 mm, -27.0000 mm): Pad 2 [GND] of C17 on F.Cu
    @(68.9500 mm, -27.0000 mm): Pad 2 [GND] of C19 on F.Cu
[unconnected_items]: Missing connection between items
    Local override; error
    @(90.0000 mm, 13.0000 mm): Via [GND] on F.Cu - B.Cu
    @(93.6000 mm, -1.2000 mm): PTH pad 1 [GND] of J3
[unconnected_items]: Missing connection between items
    Local override; error
    @(93.6000 mm, -6.8000 mm): PTH pad 1 [GND] of J3
    @(97.4000 mm, -6.8000 mm): PTH pad 1 [GND] of J3
[unconnected_items]: Missing connection between items
    Local override; error
    @(96.1500 mm, -27.0000 mm): Pad 2 [GND] of D5 on F.Cu
    @(84.2000 mm, -27.0000 mm): Pad 2 [GND] of C17 on F.Cu
[unconnected_items]: Missing connection between items
    Local override; error
    @(96.1500 mm, -27.0000 mm): Pad 2 [GND] of D5 on F.Cu
    @(97.4000 mm, -6.8000 mm): PTH pad 1 [GND] of J3
[unconnected_items]: Missing connection between items
    Local override; error
    @(97.4000 mm, -1.2000 mm): PTH pad 1 [GND] of J3
    @(93.6000 mm, -1.2000 mm): PTH pad 1 [GND] of J3
[unconnected_items]: Missing connection between items
    Local override; error
    @(97.4000 mm, -1.2000 mm): PTH pad 1 [GND] of J3
    @(97.4000 mm, -6.8000 mm): PTH pad 1 [GND] of J3
[unconnected_items]: Missing connection between items
    Local override; error
    @(67.0500 mm, -27.0000 mm): Pad 1 [/ESC_VBAT] of C19 on F.Cu
    @(60.0500 mm, -27.0000 mm): Pad 1 [/ESC_VBAT] of C18 on F.Cu
[unconnected_items]: Missing connection between items
    Local override; error
    @(75.8000 mm, -27.0000 mm): Pad 1 [/ESC_VBAT] of C17 on F.Cu
    @(67.0500 mm, -27.0000 mm): Pad 1 [/ESC_VBAT] of C19 on F.Cu
[unconnected_items]: Missing connection between items
    Local override; error
    @(75.8000 mm, -27.0000 mm): Pad 1 [/ESC_VBAT] of C17 on F.Cu
    @(78.6000 mm, -6.8000 mm): PTH pad 2 [/ESC_VBAT] of J3
[unconnected_items]: Missing connection between items
    Local override; error
    @(78.6000 mm, -6.8000 mm): PTH pad 2 [/ESC_VBAT] of J3
    @(78.6000 mm, -1.2000 mm): PTH pad 2 [/ESC_VBAT] of J3
[unconnected_items]: Missing connection between items
    Local override; error
    @(78.6000 mm, -6.8000 mm): PTH pad 2 [/ESC_VBAT] of J3
    @(68.0750 mm, -4.0000 mm): Pad 2 [/ESC_VBAT] of F2 on F.Cu
[unconnected_items]: Missing connection between items
    Local override; error
    @(78.6000 mm, -1.2000 mm): PTH pad 2 [/ESC_VBAT] of J3
    @(82.4000 mm, -1.2000 mm): PTH pad 2 [/ESC_VBAT] of J3
[unconnected_items]: Missing connection between items
    Local override; error
    @(82.4000 mm, -6.8000 mm): PTH pad 2 [/ESC_VBAT] of J3
    @(78.6000 mm, -6.8000 mm): PTH pad 2 [/ESC_VBAT] of J3
[unconnected_items]: Missing connection between items
    Local override; error
    @(91.8500 mm, -27.0000 mm): Pad 1 [/ESC_VBAT] of D5 on F.Cu
    @(75.8000 mm, -27.0000 mm): Pad 1 [/ESC_VBAT] of C17 on F.Cu
[unconnected_items]: Missing connection between items
    Local override; error
    @(27.5000 mm, 23.5000 mm): Zone [/VBAT_RAW] on F.Cu, priority 1
    @(47.6000 mm, -1.2000 mm): PTH pad 2 [/VBAT_RAW] of J1
[unconnected_items]: Missing connection between items
    Local override; error
    @(47.6000 mm, -6.8000 mm): PTH pad 2 [/VBAT_RAW] of J1
    @(47.6000 mm, -1.2000 mm): PTH pad 2 [/VBAT_RAW] of J1
[unconnected_items]: Missing connection between items
    Local override; error
    @(51.4000 mm, -6.8000 mm): PTH pad 2 [/VBAT_RAW] of J1
    @(47.6000 mm, -6.8000 mm): PTH pad 2 [/VBAT_RAW] of J1
[unconnected_items]: Missing connection between items
    Local override; error
    @(51.4000 mm, -1.2000 mm): PTH pad 2 [/VBAT_RAW] of J1
    @(47.6000 mm, -1.2000 mm): PTH pad 2 [/VBAT_RAW] of J1
[unconnected_items]: Missing connection between items
    Local override; error
    @(51.4000 mm, -1.2000 mm): PTH pad 2 [/VBAT_RAW] of J1
    @(61.9250 mm, -4.0000 mm): Pad 1 [/VBAT_RAW] of F2 on F.Cu

** Found 0 Footprint errors **

** Ignored checks **
    - Tuning profile track geometries

** End of Report **
