LTspice 26.0.2 for Windows
Circuit: C:\Users\jared\Desktop\PCB\Kicad\Osiris_PDB_RevA\Simulation\Osiris_PDB_RevA_Audit_20260912.cir
Start Time: Sat Sep 12 11:11:32 2026
Options:method=gear reltol=.003

.step case=1
solver = Normal
Maximum thread count: 16
tnom = 27
temp = 27
method = Gear
reltol = 0.003
Direct Newton iteration succeeded in finding operating point.

.step case=2
Direct Newton iteration succeeded in finding operating point.

.step case=3
Direct Newton iteration succeeded in finding operating point.

.step case=4
Direct Newton iteration succeeded in finding operating point.

.step case=5
Direct Newton iteration succeeded in finding operating point.

.step case=6
Direct Newton iteration succeeded in finding operating point.

.step case=7
Direct Newton iteration succeeded in finding operating point.

.step case=8
Direct Newton iteration succeeded in finding operating point.
Total elapsed time: 23.752 seconds.

Files loaded:
C:\Users\jared\Desktop\PCB\Kicad\Osiris_PDB_RevA\Simulation\Osiris_PDB_RevA_Audit_20260912.cir
C:\Users\jared\AppData\Local\LTspice\lib\sub\LTC4368-1.sub
C:\Users\jared\AppData\Local\LTspice\lib\cmp\standard.mos
C:\Users\jared\Desktop\PCB\Kicad\Osiris_PDB_RevA\Simulation\models\U21_SCREEN.lib


Measurement: vreverse
  step	MIN(V(PDBOUT) )	FROM	TO
     1	-0.0520982295275	0	0.019
     2	-0.0520982295275	0	0.019
     3	-0.0520982295275	0	0.019
     4	-0.0520982295275	0	0.019
     5	-0.0520982295275	0	0.019
     6	-0.0520980507135	0	0.019
     7	-0.0520982295275	0	0.019
     8	-0.0520982295275	0	0.019

Measurement: voff_ov
  step	MAX(V(OSVIN) )	FROM	TO
     1	3.86871867875e-08	0.48	0.5
     2	1.88717682974e-12	0.48	0.5
     3	1.7881736673e-12	0.48	0.5
     4	3.79153952679e-08	0.48	0.5
     5	4.02008559774e-08	0.48	0.5
     6	3.79316951182e-08	0.48	0.5
     7	2.17139506375e-09	0.48	0.5
     8	6.10581949445e-08	0.48	0.5

Measurement: voff_uv
  step	MAX(V(OSVIN) )	FROM	TO
     1	4.11697342884e-08	0.88	0.9
     2	4.32293496789e-13	0.88	0.9
     3	4.3231640056e-13	0.88	0.9
     4	5.40493054757e-08	0.88	0.9
     5	4.01960917884e-08	0.88	0.9
     6	4.72911239058e-08	0.88	0.9
     7	2.94594126871e-09	0.88	0.9
     8	6.13357400425e-08	0.88	0.9

Measurement: ipk_start
  step	MAX(I(R5) )	FROM	TO
     1	4.21368074417	0.05	0.25
     2	1.56797832953	0.05	0.25
     3	1.56787449102	0.05	0.25
     4	3.70823431015	0.05	0.25
     5	4.40205717087	0.05	0.25
     6	3.49685430527	0.05	0.25
     7	2.12132334709	0.05	0.25
     8	4.81661176682	0.05	0.25

Measurement: vsteady
  step	AVG(V(OSVIN) )	FROM	TO
     1	14.6513305164	0.3	0.39
     2	14.6513306819	0.3	0.39
     3	14.6513308521	0.3	0.39
     4	11.8156440669	0.3	0.39
     5	16.6693290606	0.3	0.39
     6	11.3548919886	0.3	0.39
     7	16.6693290599	0.3	0.39
     8	16.6693290612	0.3	0.39

Measurement: nen_settled
  step	MIN(V(NEN) )	FROM	TO
     1	0.999997973442	0.3	0.39
     2	0.999997973442	0.3	0.39
     3	0.999997973442	0.3	0.39
     4	0.999997973442	0.3	0.39
     5	0.999997973442	0.3	0.39
     6	0.999997973442	0.3	0.39
     7	0.999997973442	0.3	0.39
     8	0.999997973442	0.3	0.39

Measurement: vpost_ov
  step	AVG(V(OSVIN) )	FROM	TO
     1	14.651442797	0.65	0.75
     2	14.6514688443	0.65	0.75
     3	14.651496553	0.65	0.75
     4	11.815774499	0.65	0.75
     5	16.6694424364	0.65	0.75
     6	11.3553690014	0.65	0.75
     7	16.6694412709	0.65	0.75
     8	16.6694429016	0.65	0.75

Measurement: vpost_uv
  step	AVG(V(OSVIN) )	FROM	TO
     1	14.651341158	1.1	1.18
     2	14.6513438094	1.1	1.18
     3	14.6513466058	1.1	1.18
     4	11.8156600002	1.1	1.18
     5	16.6693379506	1.1	1.18
     6	11.3549501606	1.1	1.18
     7	16.6693378636	1.1	1.18
     8	16.669337988	1.1	1.18

Measurement: ipk_short
  step	MAX(I(R5) )	FROM	TO
     1	134.277252197	1.2	1.3
     2	134.27796936	1.2	1.3
     3	134.27796936	1.2	1.3
     4	107.645332336	1.2	1.3
     5	154.179504395	1.2	1.3
     6	40.6499900818	1.2	1.3
     7	154.475570679	1.2	1.3
     8	153.950958252	1.2	1.3

Measurement: fuse_i2t
  step	INTEG(I(RF1)*I(RF1) )	FROM	TO
     1	0.110575914925	1.2	1.3
     2	0.110529751789	1.2	1.3
     3	0.110529751305	1.2	1.3
     4	0.0656279497961	1.2	1.3
     5	0.18559987427	1.2	1.3
     6	0.0148964628037	1.2	1.3
     7	0.171006800636	1.2	1.3
     8	0.190288960297	1.2	1.3

Measurement: vrecovered
  step	AVG(V(OSVIN) )	FROM	TO
     1	14.6513299942	2.1	2.25
     2	14.6513299942	2.1	2.25
     3	14.6513299942	2.1	2.25
     4	11.8156433106	2.1	2.25
     5	16.6693286896	2.1	2.25
     6	11.354888916	2.1	2.25
     7	16.6693286896	2.1	2.25
     8	16.6693286896	2.1	2.25
