ERC report (2026-09-18T22:17:45, Encoding UTF8)
Report includes: Errors, Warnings

***** Sheet /
[unresolved_variable]: Unresolved text variable
    ; error
    @(17.78 mm, 40.64 mm): Symbol J1 [Conn_01x02]
[unresolved_variable]: Unresolved text variable
    ; error
    @(40.64 mm, 38.10 mm): Symbol F1 [Fuse]
[unresolved_variable]: Unresolved text variable
    ; error
    @(45.72 mm, 99.06 mm): Symbol D4 [D_TVS]
[pin_to_pin]: Pins of type Power output and Power output are connected
    ; error
    @(91.44 mm, 261.62 mm): Symbol #FLG03 Pin 1 [Power output, Line]
    @(73.66 mm, 177.80 mm): Symbol U3 Pin 1 [OUT, Power output, Line]
[unresolved_variable]: Unresolved text variable
    ; error
    @(109.22 mm, 210.82 mm): Symbol C10 [C]
[unresolved_variable]: Unresolved text variable
    ; error
    @(142.24 mm, 55.88 mm): Symbol D1 [D_TVS]
[unresolved_variable]: Unresolved text variable
    ; error
    @(144.78 mm, 193.04 mm): Symbol C8 [C]
[unresolved_variable]: Unresolved text variable
    ; error
    @(172.72 mm, 210.82 mm): Symbol U4 [74AUP1G07]
[unresolved_variable]: Unresolved text variable
    ; error
    @(175.26 mm, 81.28 mm): Symbol U1 [LTC4368IMS-1-PBF]
[unresolved_variable]: Unresolved text variable
    ; error
    @(180.34 mm, 43.18 mm): Symbol Q1 [ISC015N06NM5LF2]
[unresolved_variable]: Unresolved text variable
    ; error
    @(187.96 mm, 114.30 mm): Symbol C3 [C]
[unresolved_variable]: Unresolved text variable
    ; error
    @(218.44 mm, 43.18 mm): Symbol Q2 [ISC015N06NM5LF2]
[unresolved_variable]: Unresolved text variable
    ; error
    @(251.46 mm, 187.96 mm): Symbol U2 [INA228AIDGSR]
[power_pin_not_driven]: Input Power pin not driven by any Output Power pins
    ; error
    @(292.10 mm, 193.04 mm): Symbol U2 Pin 8 [VBUS, Power input, Line]
[unresolved_variable]: Unresolved text variable
    ; error
    @(292.10 mm, 218.44 mm): Symbol C5 [C]
[unresolved_variable]: Unresolved text variable
    ; error
    @(388.62 mm, 35.56 mm): Symbol J3 [XT60PW_F]
[unresolved_variable]: Unresolved text variable
    ; error
    @(388.62 mm, 241.30 mm): Symbol J2 [Conn_01x04]
[lib_symbol_issues]: The current configuration does not include the symbol library 'PDB_Symbols'
    ; warning
    @(53.34 mm, 190.50 mm): Symbol U3 [LT3010EMS8E]
[lib_symbol_issues]: The current configuration does not include the symbol library 'PDB_Symbols'
    ; warning
    @(86.36 mm, 33.02 mm): Symbol Q3 [BSC070N10NS5]
[lib_symbol_issues]: The current configuration does not include the symbol library 'PDB_Symbols'
    ; warning
    @(86.36 mm, 81.28 mm): Symbol U5 [LTC4359IMS8]
[footprint_link_issues]: The current configuration does not include the footprint library 'PDB_Footprints'
    ; warning
    @(175.26 mm, 81.28 mm): Symbol U1 [LTC4368IMS-1-PBF]
[lib_symbol_issues]: The current configuration does not include the symbol library 'PDB_Symbols'
    ; warning
    @(175.26 mm, 81.28 mm): Symbol U1 [LTC4368IMS-1-PBF]
[footprint_link_issues]: The current configuration does not include the footprint library 'PDB_Footprints'
    ; warning
    @(180.34 mm, 43.18 mm): Symbol Q1 [ISC015N06NM5LF2]
[lib_symbol_issues]: The current configuration does not include the symbol library 'PDB_Symbols'
    ; warning
    @(180.34 mm, 43.18 mm): Symbol Q1 [ISC015N06NM5LF2]
[footprint_link_issues]: The current configuration does not include the footprint library 'PDB_Footprints'
    ; warning
    @(218.44 mm, 43.18 mm): Symbol Q2 [ISC015N06NM5LF2]
[lib_symbol_issues]: The current configuration does not include the symbol library 'PDB_Symbols'
    ; warning
    @(218.44 mm, 43.18 mm): Symbol Q2 [ISC015N06NM5LF2]
[footprint_link_issues]: The current configuration does not include the footprint library 'PDB_Footprints'
    ; warning
    @(251.46 mm, 187.96 mm): Symbol U2 [INA228AIDGSR]
[lib_symbol_issues]: The current configuration does not include the symbol library 'PDB_Symbols'
    ; warning
    @(251.46 mm, 187.96 mm): Symbol U2 [INA228AIDGSR]
[footprint_link_issues]: The current configuration does not include the footprint library 'PDB_Footprints'
    ; warning
    @(254.00 mm, 38.10 mm): Symbol R5 [FC4L64R005FER]
[lib_symbol_issues]: The current configuration does not include the symbol library 'PDB_Symbols'
    ; warning
    @(254.00 mm, 38.10 mm): Symbol R5 [FC4L64R005FER]
[footprint_link_issues]: The current configuration does not include the footprint library 'PDB_Footprints'
    ; warning
    @(345.44 mm, 55.88 mm): Symbol D3 [D_Schottky]
[lib_symbol_issues]: The current configuration does not include the symbol library 'PDB_Symbols'
    ; warning
    @(388.62 mm, 35.56 mm): Symbol J3 [XT60PW_F]

 ** ERC messages: 32  Errors 17  Warnings 15

 ** Ignored checks:
    - Global label only appears once in the schematic
    - Four connection points are joined together
    - SPICE model issue
    - Assigned footprint doesn't match footprint filters
